// Jest Snapshot v1, https://goo.gl/fbAQLP

exports[`MyPC should match the snapshot given the correct data 1`] = `
<section
  className="my-pc-container"
>
  <p
    className="current-team-text"
  >
    Curent Team:
  </p>
  <div
    className="team-container"
  >
    <img
      alt="{pokemon.name}'s sprite"
      className="team sprite"
      key="0"
      onClick={[Function]}
      src="https://raw.githubusercontent.com/PokeAPI/sprites/master/sprites/pokemon/1.png"
    />
  </div>
  <h3
    className="mypc-laptop-logo"
  >
    <FaLaptop
      color="#01579E"
      size={30}
    />
  </h3>
  <div
    className="sprites"
  >
    <img
      alt="Bulbasaur's sprite"
      className="sprite onTeam"
      key="0"
      onClick={[Function]}
      src="https://raw.githubusercontent.com/PokeAPI/sprites/master/sprites/pokemon/1.png"
    />
  </div>
  <div
    className="team-button-container"
  >
    <button
      className="team-btn rem"
      disabled={false}
      onClick={[Function]}
    >
       Remove From Team 
    </button>
    <button
      className="team-btn"
      disabled={true}
      onClick={[Function]}
    >
       Add To Team 
    </button>
  </div>
</section>
`;
